../Core/Src/main.c:150:5:main	176	static
../Core/Src/main.c:478:6:SystemClock_Config	88	static
../Core/Src/main.c:524:13:MX_ADC1_Init	24	static
../Core/Src/main.c:571:13:MX_I2C1_Init	8	static
../Core/Src/main.c:605:13:MX_SPI1_Init	8	static
../Core/Src/main.c:643:13:MX_USART2_UART_Init	8	static
../Core/Src/main.c:676:13:MX_USART3_UART_Init	8	static
../Core/Src/main.c:709:13:MX_GPIO_Init	40	static
../Core/Src/main.c:739:20:UART2_Print	16	static
../Core/Src/main.c:744:20:rbuf_push	24	static
../Core/Src/main.c:752:19:rbuf_pop	16	static
../Core/Src/main.c:761:6:HAL_UART_RxCpltCallback	16	static
../Core/Src/main.c:769:6:UART3_Send	16	static
../Core/Src/main.c:775:6:DrawPassScreen	48	static
../Core/Src/main.c:791:6:ShowMainMenu	16	static
../Core/Src/main.c:802:6:ShowTestEquipmentMenu	16	static
../Core/Src/main.c:816:6:OLED_PrintCenteredLine	16	static
../Core/Src/main.c:823:6:reset_all_btn_counts	16	static
../Core/Src/main.c:827:6:ResetToPasscodeScreen	8	static
../Core/Src/main.c:857:9:nrf24_read_reg	24	static
../Core/Src/main.c:871:6:nrf24_write_reg	24	static
../Core/Src/main.c:881:6:Run_Joystick_Test	144	static
../Core/Src/main.c:1000:6:Run_ESP32_Serial_Test	72	static
../Core/Src/main.c:1074:6:Run_NRF24_Test	136	static
../Core/Src/main.c:1158:6:Run_Pot_Test	112	static
../Core/Src/main.c:1246:6:Error_Handler	4	static,ignoring_inline_asm
